c:\users\administrator\desktop\diskcleaner\build\obj\release\vc143.pdb
c:\users\administrator\desktop\diskcleaner\build\obj\release\main.obj
c:\users\administrator\desktop\diskcleaner\build\obj\release\diskcleanercore.obj
c:\users\administrator\desktop\diskcleaner\build\obj\release\appwindow.obj
c:\users\administrator\desktop\diskcleaner\build\release\diskcleaner.exe
c:\users\administrator\desktop\diskcleaner\build\release\diskcleaner.pdb
c:\users\administrator\desktop\diskcleaner\build\obj\release\diskcleanercpp.res
c:\users\administrator\desktop\diskcleaner\build\obj\release\diskcleaner.ipdb
c:\users\administrator\desktop\diskcleaner\build\obj\release\diskcleaner.iobj
c:\users\administrator\desktop\diskcleaner\build\obj\release\diskcleanercpp.vcxproj.filelistabsolute.txt
c:\users\administrator\desktop\diskcleaner\build\obj\release\diskcleanercpp.tlog\cl.command.1.tlog
c:\users\administrator\desktop\diskcleaner\build\obj\release\diskcleanercpp.tlog\cl.items.tlog
c:\users\administrator\desktop\diskcleaner\build\obj\release\diskcleanercpp.tlog\cl.read.1.tlog
c:\users\administrator\desktop\diskcleaner\build\obj\release\diskcleanercpp.tlog\cl.write.1.tlog
c:\users\administrator\desktop\diskcleaner\build\obj\release\diskcleanercpp.tlog\link.command.1.tlog
c:\users\administrator\desktop\diskcleaner\build\obj\release\diskcleanercpp.tlog\link.read.1.tlog
c:\users\administrator\desktop\diskcleaner\build\obj\release\diskcleanercpp.tlog\link.secondary.1.tlog
c:\users\administrator\desktop\diskcleaner\build\obj\release\diskcleanercpp.tlog\link.write.1.tlog
c:\users\administrator\desktop\diskcleaner\build\obj\release\diskcleanercpp.tlog\rc.command.1.tlog
c:\users\administrator\desktop\diskcleaner\build\obj\release\diskcleanercpp.tlog\rc.read.1.tlog
c:\users\administrator\desktop\diskcleaner\build\obj\release\diskcleanercpp.tlog\rc.write.1.tlog
